
SYMBOLS BY NAME

    413c CODE       _ADXL345            
    1284 IDATA0     _ERROR_I2C_ISR_CONFLICT
    676c CODE       _I2C_Init_Master    
    68fa CODE       _I2C_IsrRX_Master   
    68d6 CODE       _I2C_IsrTX_Master   
    1f78 UDATA0     _I2C_RX_buf         
    6834 CODE       _I2C_Read           
    1d72 UDATA0     _I2C_TX_buf         
    67c0 CODE       _I2C_Write          
    6a1a CODE       _IO_E_DISABLE       
    69e4 CODE       _IO_E_ENABLE        
    941c CODE       _OSClrWDTHook       
    8f84 CODE       _OSCreateBinSem     
    9222 CODE       _OSCreateTask       
    9432 CODE       _OSCtxSw            
    9308 CODE       _OSDelDelayQ        
    92c4 CODE       _OSDelPrioQ         
    9036 CODE       _OSDelay            
    9466 CODE       _OSDethunkTFP       
    9414 CODE       _OSDisableHook      
    941e CODE       _OSDispatch         
    9416 CODE       _OSEnableHook       
    9412 CODE       _OSIdlingHook       
    91fc CODE       _OSInit             
    92a0 CODE       _OSInitPrioTask     
    9392 CODE       _OSInsDelayQ        
    9344 CODE       _OSInsPrioQ         
    9418 CODE       _OSRestoreHook      
    941a CODE       _OSSaveHook         
    5206 CODE       _OSSched            
    8fdc CODE       _OSSignalBinSem     
    93f6 CODE       _OSTimer            
    8fac CODE       _OSWaitBinSem       
    90c0 CODE       _OSWaitEvent        
    1cd2 UDATA0     _OScTcbP            
    1c02 UDATA0     _OSdelayQP          
    1c08 UDATA0     _OSecbArea          
    1c44 UDATA0     _OSeligQP           
    1bf8 UDATA0     _OSframeP           
    1bfc UDATA0     _OSlostTicks        
    1c06 UDATA0     _OSsigQinP          
    1c04 UDATA0     _OSsigQoutP         
    1bfa UDATA0     _OSsrGIE            
    1c46 UDATA0     _OStcbArea          
    1bfe UDATA0     _OStimerTicks       
    1d71 UDATA0     _RXCounter          
    1d70 UDATA0     _SINGLE_BYTE_RX     
    614e CODE       _UARTBAUDRATE_calculateBaudDividers
    6016 CODE       _UARTBAUDRATE_txError
    5f3e CODE       _UARTBAUDRATE_txTbit
    17c0 UDATA0     _UART_A1            
    6a46 CODE       _UART_Channel_Select
    19f2 UDATA0     _UART_RX            
    17ec UDATA0     _UART_TX            
    1204 IDATA0     _UCSx_mod           
    320c ISR        _USCIAB0TX_ISR      
    319c ISR        _USCI_A1_RX_ISR     
    3156 ISR        _USCI_A1_TX_ISR     
    674c CODE       _USCI_A_UART_clearInterruptFlag
    6722 CODE       _USCI_A_UART_disableInterrupt
    6756 CODE       _USCI_A_UART_enable 
    66f8 CODE       _USCI_A_UART_enableInterrupt
    657c CODE       _USCI_A_UART_init   
    649a CODE       _USCI_A_UART_initregs
    6760 CODE       _USCI_A_UART_queryStatusFlags
    66dc CODE       _USCI_A_UART_receiveData
    66be CODE       _USCI_A_UART_transmitData
    6818 CODE       _Wait_for_I2C_Not_Busy
    5080 CODE       _Wait_for_UART_Not_Busy
    9726 CODE       ___RAL_pow10        
    1100            ___RAM_Address      
    2000            ___RAM_Size         
    1100            ___begin_IDATA0     
    128e            ___begin_UDATA0     
     134            ___crt_mac          
     130            ___crt_mpy          
     138            ___crt_op2          
     13c            ___crt_reshi        
     13a            ___crt_reslo        
     13e            ___crt_sumext       
    128e            ___end_IDATA0       
    2448            ___end_UDATA0       
    aa0a CODE       ___float32_add      
    9472 CODE       ___float32_add_asgn 
    abf4 CODE       ___float32_div      
    acce CODE       ___float32_eq       
    a802 CODE       ___float32_isinf    
    a81c CODE       ___float32_isnan    
    acb2 CODE       ___float32_lt       
    ab08 CODE       ___float32_mul      
    aafc CODE       ___float32_sub      
    9494 CODE       ___float32_sub_asgn 
    ad5e CODE       ___float32_to_int16 
    ad9a CODE       ___float32_to_int32 
    a958 CODE       ___float32_to_int64 
    2446 UDATA0     ___format_extender  
    35d1 CONST      ___hex_lc           
    35c1 CONST      ___hex_uc           
    9510 CODE       ___int16_div        
    9536 CODE       ___int16_mod        
    955c CODE       ___int16_mul        
    acde CODE       ___int16_to_float32 
    9572 CODE       ___int32_div        
    96f2 CODE       ___int32_mod        
    94e0 CODE       ___int32_mul        
    94be CODE       ___int32_mul_asgn   
    95a4 CODE       ___int64_lsl        
    95b6 CODE       ___int64_lsr        
    97e4 CODE       ___pre_padding      
    97c6 CODE       ___print_padding    
    977c CODE       ___putc             
    3208 ISR        ___thunk_task_SHADO 
    3200 ISR        ___thunk_task_check_error
    3204 ISR        ___thunk_task_heater_control
    31ec ISR        ___thunk_task_led   
    31f8 ISR        ___thunk_task_log_high_f
    31fc ISR        ___thunk_task_log_low_f
    31f4 ISR        ___thunk_task_measure_high_f
    31f0 ISR        ___thunk_task_measure_low_f
    9636 CODE       ___uint16_div       
    acea CODE       ___uint16_to_float32
    acf4 CODE       ___uint16_to_float32_aux
    964e CODE       ___uint32_div       
    9658 CODE       ___uint32_divmod    
    9680 CODE       ___uint32_mod       
    ad14 CODE       ___uint32_to_float32
    968e CODE       ___uint64_div       
    96b6 CODE       ___uint64_divmod    
    9616 CODE       ___uint64_mod       
    a834 CODE       ___uint64_to_float32
    987e CODE       ___vfprintf         
    987e CODE       ___vfprintf_float_long
    84a0 CODE       __f_addentry        
    71ec CODE       __f_alloccluster    
    6dd2 CODE       __f_checkstatus     
    70d4 CODE       __f_clustertopos    
    80ac CODE       __f_findfilewc      
    82ce CODE       __f_findpath        
    704e CODE       __f_getclustervalue 
    7176 CODE       __f_getcurrsector   
    8294 CODE       __f_getdecluster    
    6f60 CODE       __f_getfatsector    
    7d90 CODE       __f_getlong         
    6d36 CODE       __f_getvolume       
    7d66 CODE       __f_getword         
    6e82 CODE       __f_readglsector    
    726e CODE       __f_removechain     
    6fd6 CODE       __f_setclustervalue 
    82aa CODE       __f_setdecluster    
    7f42 CODE       __f_setfsname       
    7e00 CODE       __f_setlong         
    7e50 CODE       __f_setnameext      
    7d7e CODE       __f_setword         
    7e38 CODE       __f_toupper         
    6efc CODE       __f_writefatsector  
    6dea CODE       __f_writeglsector   
    8908 CODE       __get_csd_bits      
    980e CODE       _abs                
    12a6 UDATA0     _ac1                
    12a4 UDATA0     _ac2                
    12a2 UDATA0     _ac3                
    12a0 UDATA0     _ac4                
    129e UDATA0     _ac5                
    129c UDATA0     _ac6                
    129a UDATA0     _b1                 
    1298 UDATA0     _b2                 
    128e UDATA0     _b5                 
    1d6c UDATA0     _baudrate           
    378a CODE       _bmp085Calibration  
    3984 CODE       _bmp085GetPressure  
    38b6 CODE       _bmp085GetTemperature
    3870 CODE       _bmp085ReadInt      
    3840 CODE       _bmp085ReadUP       
    3810 CODE       _bmp085ReadUT       
    1d68 UDATA0     _brclk              
    17b6 UDATA0     _buffer_ADXL345     
    1100 IDATA0     _calib_add          
    3f70 CODE       _check_e            
    3fd4 CODE       _check_sd_e         
    45fe CODE       _check_sentance     
    5da0 CODE       _clear_error_gps    
    5d64 CODE       _clear_error_i2c    
    5d92 CODE       _clear_error_sd     
    3e0c CODE       _configureL3G4200D  
    42dc CODE       _configure_ADXL345  
    50c8 CODE       _csk_led_status_off 
    50c2 CODE       _csk_led_status_on  
    50b8 CODE       _csk_led_status_open
    50e2 CODE       _csk_sd_close       
    50ce CODE       _csk_sd_open        
    50f6 CODE       _csk_sd_pwr_off     
    5104 CODE       _csk_wdt_off        
    12ba UDATA0     _data               
    375e CODE       _delay_ms           
    17bc UDATA0     _devAddr_ADXL345    
    12a8 UDATA0     _e                  
    7cea CODE       _f_getdate          
    7d26 CODE       _f_gettime          
    7abe CODE       _fn_close           
    8406 CODE       _fn_getcwd          
    6db6 CODE       _fn_initvolume      
    7674 CODE       _fn_open            
    7b20 CODE       _fn_write           
    ae20 CODE       _frexp              
    41d0 CODE       _getAcceleration    
    114e IDATA0     _gga_off            
    237e UDATA0     _gl_file            
    217e UDATA0     _gl_sector          
    23b2 UDATA0     _gl_volume          
    115e IDATA0     _gll_off            
    17be UDATA0     _got_byte           
    1cd4 UDATA0     _gps_msg            
    110b IDATA0     _gps_rst            
    116e IDATA0     _gsa_off            
    117e IDATA0     _gsv_off            
    36c0 CODE       _init               
    6960 CODE       _init_isolation_state
    4142 CODE       _initialize_ADXL345 
    449e CODE       _initialize_lea_6   
    3100 ISR        _isr_timerA0        
    ade4 CODE       _ldexp              
    1d64 UDATA0     _lf_div_f           
    1d5e UDATA0     _lf_div_i           
    6ac2 CODE       _ltc1393_channel_select
    3e80 CODE       _main               
    1296 UDATA0     _mb                 
    1294 UDATA0     _mc                 
    1292 UDATA0     _md                 
    3d1e CODE       _measureL3G4200D    
    4242 CODE       _measure_ADXL345    
    984e CODE       _memcpy             
    985e CODE       _memset             
    86fa CODE       _mmc_cmd            
    2426 UDATA0     _mmc_dsc            
    8f26 CODE       _mmc_getstatus      
    8cb0 CODE       _mmc_initcard       
    8f78 CODE       _mmc_initfunc       
    878a CODE       _mmc_readsector     
    8826 CODE       _mmc_writesector    
    11ec IDATA0     _msg_lengths        
    11da IDATA0     _msgs               
    11ae IDATA0     _nav_4g             
    1d60 UDATA0     _osr_div_f          
    1d5c UDATA0     _osr_div_i          
    6a6a CODE       _pca9543a_CFG_IO    
    6aa4 CODE       _pca9543a_Read_Output_Levels
    6a88 CODE       _pca9543a_Set_Output
    325c CONST      _poll_gga           
    4534 CODE       _poll_gpgga         
    490a CODE       _postprocgps        
    69be CODE       _power_IO_E_AB      
    462c CODE       _preprocgps         
    5ea0 CODE       _rbuffer_clear      
    5f3a CODE       _rbuffer_count      
    5eae CODE       _rbuffer_getchar    
    5edc CODE       _rbuffer_putchar    
    5f0c CODE       _rbuffer_putchars   
    4310 CODE       _readByte           
    432e CODE       _readBytes          
    118e IDATA0     _rmc_off            
    17bd UDATA0     _send_byte          
    419a CODE       _setAutoSleepEnabled
    4224 CODE       _setFIFOMode_ADXL345
    41b4 CODE       _setMeasureEnabled  
    4164 CODE       _setOffset          
    1137 IDATA0     _set_default        
    51e0 CODE       _spi_get_baudrate   
    5160 CODE       _spi_init           
    11fe IDATA0     _spi_max_baudrate   
    5132 CODE       _spi_rx1            
    513e CODE       _spi_rx512          
    51a2 CODE       _spi_set_baudrate   
    510c CODE       _spi_tx1            
    511a CODE       _spi_tx512          
    981e CODE       _sprintf            
    5016 CODE       _start_device_uart  
    986e CODE       _strlen             
    128a IDATA0     _tBUSY              
    1286 IDATA0     _tNAC               
    5e32 CODE       _task_SHADO         
    5c5a CODE       _task_check_error   
    5da6 CODE       _task_heater_control
    53ec CODE       _task_led           
    573e CODE       _task_log_high_f    
    58fe CODE       _task_log_low_f     
    5622 CODE       _task_measure_high_f
    5426 CODE       _task_measure_low_f 
    693e CODE       _tca9548_channel_select
    46d8 CODE       _updateGPS          
    3ff6 CODE       _update_time        
    119e IDATA0     _vtg_off            
    4364 CODE       _writeBit           
    43b8 CODE       _writeBits          
    442a CODE       _writeByte          
    4448 CODE       _writeBytes         


SYMBOLS BY VALUE

     130            ___crt_mpy          
     134            ___crt_mac          
     138            ___crt_op2          
     13a            ___crt_reslo        
     13c            ___crt_reshi        
     13e            ___crt_sumext       
    1100 IDATA0     _calib_add          
    1100            ___begin_IDATA0     
    1100            ___RAM_Address      
    110b IDATA0     _gps_rst            
    1137 IDATA0     _set_default        
    114e IDATA0     _gga_off            
    115e IDATA0     _gll_off            
    116e IDATA0     _gsa_off            
    117e IDATA0     _gsv_off            
    118e IDATA0     _rmc_off            
    119e IDATA0     _vtg_off            
    11ae IDATA0     _nav_4g             
    11da IDATA0     _msgs               
    11ec IDATA0     _msg_lengths        
    11fe IDATA0     _spi_max_baudrate   
    1204 IDATA0     _UCSx_mod           
    1284 IDATA0     _ERROR_I2C_ISR_CONFLICT
    1286 IDATA0     _tNAC               
    128a IDATA0     _tBUSY              
    128e            ___end_IDATA0       
    128e UDATA0     _b5                 
    128e            ___begin_UDATA0     
    1292 UDATA0     _md                 
    1294 UDATA0     _mc                 
    1296 UDATA0     _mb                 
    1298 UDATA0     _b2                 
    129a UDATA0     _b1                 
    129c UDATA0     _ac6                
    129e UDATA0     _ac5                
    12a0 UDATA0     _ac4                
    12a2 UDATA0     _ac3                
    12a4 UDATA0     _ac2                
    12a6 UDATA0     _ac1                
    12a8 UDATA0     _e                  
    12ba UDATA0     _data               
    17b6 UDATA0     _buffer_ADXL345     
    17bc UDATA0     _devAddr_ADXL345    
    17bd UDATA0     _send_byte          
    17be UDATA0     _got_byte           
    17c0 UDATA0     _UART_A1            
    17ec UDATA0     _UART_TX            
    19f2 UDATA0     _UART_RX            
    1bf8 UDATA0     _OSframeP           
    1bfa UDATA0     _OSsrGIE            
    1bfc UDATA0     _OSlostTicks        
    1bfe UDATA0     _OStimerTicks       
    1c02 UDATA0     _OSdelayQP          
    1c04 UDATA0     _OSsigQoutP         
    1c06 UDATA0     _OSsigQinP          
    1c08 UDATA0     _OSecbArea          
    1c44 UDATA0     _OSeligQP           
    1c46 UDATA0     _OStcbArea          
    1cd2 UDATA0     _OScTcbP            
    1cd4 UDATA0     _gps_msg            
    1d5c UDATA0     _osr_div_i          
    1d5e UDATA0     _lf_div_i           
    1d60 UDATA0     _osr_div_f          
    1d64 UDATA0     _lf_div_f           
    1d68 UDATA0     _brclk              
    1d6c UDATA0     _baudrate           
    1d70 UDATA0     _SINGLE_BYTE_RX     
    1d71 UDATA0     _RXCounter          
    1d72 UDATA0     _I2C_TX_buf         
    1f78 UDATA0     _I2C_RX_buf         
    2000            ___RAM_Size         
    217e UDATA0     _gl_sector          
    237e UDATA0     _gl_file            
    23b2 UDATA0     _gl_volume          
    2426 UDATA0     _mmc_dsc            
    2446 UDATA0     ___format_extender  
    2448            ___end_UDATA0       
    3100 ISR        _isr_timerA0        
    3156 ISR        _USCI_A1_TX_ISR     
    319c ISR        _USCI_A1_RX_ISR     
    31ec ISR        ___thunk_task_led   
    31f0 ISR        ___thunk_task_measure_low_f
    31f4 ISR        ___thunk_task_measure_high_f
    31f8 ISR        ___thunk_task_log_high_f
    31fc ISR        ___thunk_task_log_low_f
    3200 ISR        ___thunk_task_check_error
    3204 ISR        ___thunk_task_heater_control
    3208 ISR        ___thunk_task_SHADO 
    320c ISR        _USCIAB0TX_ISR      
    325c CONST      _poll_gga           
    35c1 CONST      ___hex_uc           
    35d1 CONST      ___hex_lc           
    36c0 CODE       _init               
    375e CODE       _delay_ms           
    378a CODE       _bmp085Calibration  
    3810 CODE       _bmp085ReadUT       
    3840 CODE       _bmp085ReadUP       
    3870 CODE       _bmp085ReadInt      
    38b6 CODE       _bmp085GetTemperature
    3984 CODE       _bmp085GetPressure  
    3d1e CODE       _measureL3G4200D    
    3e0c CODE       _configureL3G4200D  
    3e80 CODE       _main               
    3f70 CODE       _check_e            
    3fd4 CODE       _check_sd_e         
    3ff6 CODE       _update_time        
    413c CODE       _ADXL345            
    4142 CODE       _initialize_ADXL345 
    4164 CODE       _setOffset          
    419a CODE       _setAutoSleepEnabled
    41b4 CODE       _setMeasureEnabled  
    41d0 CODE       _getAcceleration    
    4224 CODE       _setFIFOMode_ADXL345
    4242 CODE       _measure_ADXL345    
    42dc CODE       _configure_ADXL345  
    4310 CODE       _readByte           
    432e CODE       _readBytes          
    4364 CODE       _writeBit           
    43b8 CODE       _writeBits          
    442a CODE       _writeByte          
    4448 CODE       _writeBytes         
    449e CODE       _initialize_lea_6   
    4534 CODE       _poll_gpgga         
    45fe CODE       _check_sentance     
    462c CODE       _preprocgps         
    46d8 CODE       _updateGPS          
    490a CODE       _postprocgps        
    5016 CODE       _start_device_uart  
    5080 CODE       _Wait_for_UART_Not_Busy
    50b8 CODE       _csk_led_status_open
    50c2 CODE       _csk_led_status_on  
    50c8 CODE       _csk_led_status_off 
    50ce CODE       _csk_sd_open        
    50e2 CODE       _csk_sd_close       
    50f6 CODE       _csk_sd_pwr_off     
    5104 CODE       _csk_wdt_off        
    510c CODE       _spi_tx1            
    511a CODE       _spi_tx512          
    5132 CODE       _spi_rx1            
    513e CODE       _spi_rx512          
    5160 CODE       _spi_init           
    51a2 CODE       _spi_set_baudrate   
    51e0 CODE       _spi_get_baudrate   
    5206 CODE       _OSSched            
    53ec CODE       _task_led           
    5426 CODE       _task_measure_low_f 
    5622 CODE       _task_measure_high_f
    573e CODE       _task_log_high_f    
    58fe CODE       _task_log_low_f     
    5c5a CODE       _task_check_error   
    5d64 CODE       _clear_error_i2c    
    5d92 CODE       _clear_error_sd     
    5da0 CODE       _clear_error_gps    
    5da6 CODE       _task_heater_control
    5e32 CODE       _task_SHADO         
    5ea0 CODE       _rbuffer_clear      
    5eae CODE       _rbuffer_getchar    
    5edc CODE       _rbuffer_putchar    
    5f0c CODE       _rbuffer_putchars   
    5f3a CODE       _rbuffer_count      
    5f3e CODE       _UARTBAUDRATE_txTbit
    6016 CODE       _UARTBAUDRATE_txError
    614e CODE       _UARTBAUDRATE_calculateBaudDividers
    649a CODE       _USCI_A_UART_initregs
    657c CODE       _USCI_A_UART_init   
    66be CODE       _USCI_A_UART_transmitData
    66dc CODE       _USCI_A_UART_receiveData
    66f8 CODE       _USCI_A_UART_enableInterrupt
    6722 CODE       _USCI_A_UART_disableInterrupt
    674c CODE       _USCI_A_UART_clearInterruptFlag
    6756 CODE       _USCI_A_UART_enable 
    6760 CODE       _USCI_A_UART_queryStatusFlags
    676c CODE       _I2C_Init_Master    
    67c0 CODE       _I2C_Write          
    6818 CODE       _Wait_for_I2C_Not_Busy
    6834 CODE       _I2C_Read           
    68d6 CODE       _I2C_IsrTX_Master   
    68fa CODE       _I2C_IsrRX_Master   
    693e CODE       _tca9548_channel_select
    6960 CODE       _init_isolation_state
    69be CODE       _power_IO_E_AB      
    69e4 CODE       _IO_E_ENABLE        
    6a1a CODE       _IO_E_DISABLE       
    6a46 CODE       _UART_Channel_Select
    6a6a CODE       _pca9543a_CFG_IO    
    6a88 CODE       _pca9543a_Set_Output
    6aa4 CODE       _pca9543a_Read_Output_Levels
    6ac2 CODE       _ltc1393_channel_select
    6d36 CODE       __f_getvolume       
    6db6 CODE       _fn_initvolume      
    6dd2 CODE       __f_checkstatus     
    6dea CODE       __f_writeglsector   
    6e82 CODE       __f_readglsector    
    6efc CODE       __f_writefatsector  
    6f60 CODE       __f_getfatsector    
    6fd6 CODE       __f_setclustervalue 
    704e CODE       __f_getclustervalue 
    70d4 CODE       __f_clustertopos    
    7176 CODE       __f_getcurrsector   
    71ec CODE       __f_alloccluster    
    726e CODE       __f_removechain     
    7674 CODE       _fn_open            
    7abe CODE       _fn_close           
    7b20 CODE       _fn_write           
    7cea CODE       _f_getdate          
    7d26 CODE       _f_gettime          
    7d66 CODE       __f_getword         
    7d7e CODE       __f_setword         
    7d90 CODE       __f_getlong         
    7e00 CODE       __f_setlong         
    7e38 CODE       __f_toupper         
    7e50 CODE       __f_setnameext      
    7f42 CODE       __f_setfsname       
    80ac CODE       __f_findfilewc      
    8294 CODE       __f_getdecluster    
    82aa CODE       __f_setdecluster    
    82ce CODE       __f_findpath        
    8406 CODE       _fn_getcwd          
    84a0 CODE       __f_addentry        
    86fa CODE       _mmc_cmd            
    878a CODE       _mmc_readsector     
    8826 CODE       _mmc_writesector    
    8908 CODE       __get_csd_bits      
    8cb0 CODE       _mmc_initcard       
    8f26 CODE       _mmc_getstatus      
    8f78 CODE       _mmc_initfunc       
    8f84 CODE       _OSCreateBinSem     
    8fac CODE       _OSWaitBinSem       
    8fdc CODE       _OSSignalBinSem     
    9036 CODE       _OSDelay            
    90c0 CODE       _OSWaitEvent        
    91fc CODE       _OSInit             
    9222 CODE       _OSCreateTask       
    92a0 CODE       _OSInitPrioTask     
    92c4 CODE       _OSDelPrioQ         
    9308 CODE       _OSDelDelayQ        
    9344 CODE       _OSInsPrioQ         
    9392 CODE       _OSInsDelayQ        
    93f6 CODE       _OSTimer            
    9412 CODE       _OSIdlingHook       
    9414 CODE       _OSDisableHook      
    9416 CODE       _OSEnableHook       
    9418 CODE       _OSRestoreHook      
    941a CODE       _OSSaveHook         
    941c CODE       _OSClrWDTHook       
    941e CODE       _OSDispatch         
    9432 CODE       _OSCtxSw            
    9466 CODE       _OSDethunkTFP       
    9472 CODE       ___float32_add_asgn 
    9494 CODE       ___float32_sub_asgn 
    94be CODE       ___int32_mul_asgn   
    94e0 CODE       ___int32_mul        
    9510 CODE       ___int16_div        
    9536 CODE       ___int16_mod        
    955c CODE       ___int16_mul        
    9572 CODE       ___int32_div        
    95a4 CODE       ___int64_lsl        
    95b6 CODE       ___int64_lsr        
    9616 CODE       ___uint64_mod       
    9636 CODE       ___uint16_div       
    964e CODE       ___uint32_div       
    9658 CODE       ___uint32_divmod    
    9680 CODE       ___uint32_mod       
    968e CODE       ___uint64_div       
    96b6 CODE       ___uint64_divmod    
    96f2 CODE       ___int32_mod        
    9726 CODE       ___RAL_pow10        
    977c CODE       ___putc             
    97c6 CODE       ___print_padding    
    97e4 CODE       ___pre_padding      
    980e CODE       _abs                
    981e CODE       _sprintf            
    984e CODE       _memcpy             
    985e CODE       _memset             
    986e CODE       _strlen             
    987e CODE       ___vfprintf_float_long
    987e CODE       ___vfprintf         
    a802 CODE       ___float32_isinf    
    a81c CODE       ___float32_isnan    
    a834 CODE       ___uint64_to_float32
    a958 CODE       ___float32_to_int64 
    aa0a CODE       ___float32_add      
    aafc CODE       ___float32_sub      
    ab08 CODE       ___float32_mul      
    abf4 CODE       ___float32_div      
    acb2 CODE       ___float32_lt       
    acce CODE       ___float32_eq       
    acde CODE       ___int16_to_float32 
    acea CODE       ___uint16_to_float32
    acf4 CODE       ___uint16_to_float32_aux
    ad14 CODE       ___uint32_to_float32
    ad5e CODE       ___float32_to_int16 
    ad9a CODE       ___float32_to_int32 
    ade4 CODE       _ldexp              
    ae20 CODE       _frexp              
